// Jest Snapshot v1, https://goo.gl/fbAQLP

exports[`should render Header correctley 1`] = `
<header>
  <h1>
    Expesify
  </h1>
  <NavLink
    activeClassName="is-active"
    ariaCurrent="true"
    exact={true}
    to="/"
  >
    Dashboard
  </NavLink>
  <NavLink
    activeClassName="is-active"
    ariaCurrent="true"
    to="/create"
  >
    Add Expense
  </NavLink>
  <NavLink
    activeClassName="is-active"
    ariaCurrent="true"
    to="/help"
  >
    Help Page
  </NavLink>
</header>
`;
